// Jest Snapshot v1, https://goo.gl/fbAQLP

exports[`<App /> renders correctly 1`] = `
<View
  onLayout={[Function]}
  style={
    Object {
      "flex": 1,
    }
  }
>
  <View
    collapsable={false}
    onGestureHandlerEvent={[Function]}
    onGestureHandlerStateChange={[Function]}
    style={
      Object {
        "backgroundColor": "#eee",
        "flex": 1,
        "flexDirection": "column-reverse",
        "overflow": "hidden",
      }
    }
  >
    <View
      style={
        Object {
          "flex": 1,
        }
      }
    >
      <View
        pointerEvents="auto"
        style={
          Object {
            "bottom": 0,
            "left": 0,
            "opacity": 1,
            "paddingTop": 64,
            "position": "absolute",
            "right": 0,
            "top": 0,
            "transform": Array [
              Object {
                "translateX": 0,
              },
              Object {
                "translateY": 0,
              },
            ],
          }
        }
      >
        <View
          accessibilityElementsHidden={false}
          style={
            Object {
              "backgroundColor": "#fff",
              "flex": 1,
            }
          }
        >
          <View
            style={
              Object {
                "flex": 1,
              }
            }
          >
            <View
              style={
                Object {
                  "borderRadius": 3,
                }
              }
            >
              <View
                accessible={true}
                isTVSelectable={true}
                onResponderGrant={[Function]}
                onResponderMove={[Function]}
                onResponderRelease={[Function]}
                onResponderTerminate={[Function]}
                onResponderTerminationRequest={[Function]}
                onStartShouldSetResponder={[Function]}
                style={
                  Object {
                    "opacity": 1,
                  }
                }
              >
                <View
                  style={
                    Object {
                      "alignItems": "center",
                      "backgroundColor": "#2089dc",
                      "borderColor": "#2089dc",
                      "borderRadius": 3,
                      "borderWidth": 0,
                      "flexDirection": "row",
                      "justifyContent": "center",
                      "padding": 8,
                    }
                  }
                >
                  <Text
                    style={
                      Object {
                        "color": "white",
                        "fontSize": 18,
                        "paddingBottom": 1,
                        "paddingTop": 2,
                        "textAlign": "center",
                      }
                    }
                  >
                    Választás a névjegyzékből
                  </Text>
                </View>
              </View>
            </View>
            <Modal
              hardwareAccelerated={false}
              transparent={true}
              visible={false}
            >
              <View
                style={
                  Object {
                    "backgroundColor": "white",
                    "borderColor": "black",
                    "borderWidth": 1,
                    "flex": 1,
                    "margin": 30,
                  }
                }
              >
                <View
                  style={
                    Object {
                      "backgroundColor": "white",
                      "paddingBottom": 8,
                      "paddingTop": 8,
                    }
                  }
                >
                  <View
                    style={
                      Object {
                        "paddingHorizontal": 0,
                        "width": "100%",
                      }
                    }
                  >
                    <View
                      style={
                        Object {
                          "alignItems": "center",
                          "borderBottomWidth": 0,
                          "borderColor": "#86939e",
                          "flexDirection": "row",
                          "transform": Array [
                            Object {
                              "translateX": 0,
                            },
                          ],
                          "width": "100%",
                        }
                      }
                    >
                      <View
                        style={
                          Object {
                            "alignItems": "center",
                            "height": 40,
                            "justifyContent": "center",
                            "marginLeft": 8,
                          }
                        }
                      >
                        <View>
                          <View
                            style={
                              Object {
                                "alignItems": "center",
                                "backgroundColor": "transparent",
                                "justifyContent": "center",
                              }
                            }
                            theme={
                              Object {
                                "colors": Object {
                                  "disabled": "hsl(208, 8%, 90%)",
                                  "divider": "#bcbbc1",
                                  "error": "#ff190c",
                                  "grey0": "#393e42",
                                  "grey1": "#43484d",
                                  "grey2": "#5e6977",
                                  "grey3": "#86939e",
                                  "grey4": "#bdc6cf",
                                  "grey5": "#e1e8ee",
                                  "greyOutline": "#bbb",
                                  "platform": Object {
                                    "android": Object {
                                      "error": "#f44336",
                                      "primary": "#2196f3",
                                      "secondary": "#9C27B0",
                                      "success": "#4caf50",
                                      "warning": "#ffeb3b",
                                    },
                                    "ios": Object {
                                      "error": "#ff3b30",
                                      "primary": "#007aff",
                                      "secondary": "#5856d6",
                                      "success": "#4cd964",
                                      "warning": "#ffcc00",
                                    },
                                  },
                                  "primary": "#2089dc",
                                  "searchBg": "#303337",
                                  "secondary": "#8F0CE8",
                                  "success": "#52c41a",
                                  "warning": "#faad14",
                                },
                              }
                            }
                            underlayColor="white"
                          >
                            <Text />
                          </View>
                        </View>
                      </View>
                      <TextInput
                        allowFontScaling={true}
                        editable={true}
                        onBlur={[Function]}
                        onCancel={[Function]}
                        onChangeText={[Function]}
                        onFocus={[Function]}
                        placeholder="Név..."
                        platform="android"
                        rejectResponderTermination={true}
                        style={
                          Object {
                            "alignSelf": "center",
                            "color": "black",
                            "flex": 1,
                            "fontSize": 18,
                            "marginLeft": 24,
                            "marginRight": 8,
                            "minHeight": 40,
                          }
                        }
                        testID="searchInput"
                        underlineColorAndroid="transparent"
                        value=""
                      />
                      <View
                        style={
                          Object {
                            "alignItems": "center",
                            "height": 40,
                            "justifyContent": "center",
                            "marginLeft": 15,
                            "marginRight": 8,
                          }
                        }
                      >
                        <View
                          style={
                            Object {
                              "flexDirection": "row",
                            }
                          }
                        />
                      </View>
                    </View>
                  </View>
                </View>
                <RCTScrollView
                  data={Array []}
                  disableVirtualization={false}
                  getItem={[Function]}
                  getItemCount={[Function]}
                  horizontal={false}
                  initialNumToRender={10}
                  keyExtractor={[Function]}
                  maxToRenderPerBatch={10}
                  numColumns={1}
                  onContentSizeChange={[Function]}
                  onEndReachedThreshold={2}
                  onLayout={[Function]}
                  onMomentumScrollEnd={[Function]}
                  onScroll={[Function]}
                  onScrollBeginDrag={[Function]}
                  onScrollEndDrag={[Function]}
                  removeClippedSubviews={false}
                  renderItem={[Function]}
                  scrollEventThrottle={50}
                  stickyHeaderIndices={Array []}
                  updateCellsBatchingPeriod={50}
                  viewabilityConfigCallbackPairs={Array []}
                  windowSize={21}
                >
                  <View />
                </RCTScrollView>
                <View
                  style={
                    Object {
                      "borderRadius": 3,
                    }
                  }
                >
                  <View
                    accessible={true}
                    isTVSelectable={true}
                    onResponderGrant={[Function]}
                    onResponderMove={[Function]}
                    onResponderRelease={[Function]}
                    onResponderTerminate={[Function]}
                    onResponderTerminationRequest={[Function]}
                    onStartShouldSetResponder={[Function]}
                    style={
                      Object {
                        "opacity": 1,
                      }
                    }
                  >
                    <View
                      style={
                        Object {
                          "alignItems": "center",
                          "backgroundColor": "#2089dc",
                          "borderColor": "#2089dc",
                          "borderRadius": 3,
                          "borderWidth": 0,
                          "flexDirection": "row",
                          "justifyContent": "center",
                          "padding": 8,
                        }
                      }
                    >
                      <Text
                        style={
                          Object {
                            "color": "white",
                            "fontSize": 18,
                            "paddingBottom": 1,
                            "paddingTop": 2,
                            "textAlign": "center",
                          }
                        }
                      >
                        Mégsem
                      </Text>
                    </View>
                  </View>
                </View>
              </View>
            </Modal>
          </View>
        </View>
      </View>
    </View>
    <View
      onLayout={[Function]}
      pointerEvents="box-none"
      style={
        Object {
          "left": 0,
          "position": "absolute",
          "right": 0,
          "top": 0,
        }
      }
    >
      <View
        style={
          Object {
            "backgroundColor": "#fff",
            "transform": Array [
              Object {
                "translateX": 0,
              },
            ],
          }
        }
      >
        <View
          onLayout={[Function]}
          pointerEvents="box-none"
          style={
            Object {
              "backgroundColor": "#fff",
              "borderBottomColor": "#a7a7aa",
              "borderBottomWidth": 0.5,
              "height": 64,
              "paddingBottom": 0,
              "paddingLeft": 0,
              "paddingRight": 0,
              "paddingTop": 20,
            }
          }
        >
          <View
            style={
              Object {
                "flex": 1,
              }
            }
          >
            <View
              style={
                Object {
                  "bottom": 0,
                  "flexDirection": "row",
                  "left": 0,
                  "position": "absolute",
                  "right": 0,
                  "top": 0,
                }
              }
            >
              <View
                pointerEvents="box-none"
                style={
                  Object {
                    "alignItems": "center",
                    "backgroundColor": "transparent",
                    "bottom": 0,
                    "flexDirection": "row",
                    "justifyContent": "center",
                    "left": 0,
                    "opacity": 1,
                    "position": "absolute",
                    "right": 0,
                    "top": 0,
                  }
                }
              >
                <Text
                  accessibilityTraits="header"
                  allowFontScaling={false}
                  numberOfLines={1}
                  onLayout={[Function]}
                  style={
                    Object {
                      "color": "rgba(0, 0, 0, 0.9)",
                      "fontSize": 17,
                      "fontWeight": "600",
                      "marginHorizontal": 16,
                      "textAlign": "center",
                    }
                  }
                />
              </View>
            </View>
          </View>
        </View>
      </View>
    </View>
  </View>
</View>
`;
